- [字面量 / 文字值](#字面量--文字值)
  - [字符串字面量](#字符串字面量)
  - [数值](#数值)
  - [日期和时间值](#日期和时间值)
  - [十六进制值](#十六进制值)
  - [比特值](#比特值)
  - [布尔值](#布尔值)
  - [NULL值](#null-值)
- [模式对象命名](#模式对象命名)
- [关键字和保留字](#关键字和保留字)
- [用户定义的变量](#用户定义的变量)
- [系统变量](#系统变量)
- [注释语法](#注释语法)

# 字面量 / 文字值

## 字符串字面量

- 字符串是字节或字符的序列，用单引号（`'`）或双引号（`"`）字符括起来。例如：
    ```
    'a string'
    "another string"
    ```
- 彼此相邻的带引号的字符串被串联为单个字符串。以下几行是等效的：
    ```
    'a string'
    'a' ' ' 'string'
    ```
- 如果SQL服务器模式启用了NSI_QUOTES，只可以用单引号引用字符串，用双引号引用的字符串被解释为一个识别符
- 二进制与非二进制字符串
    - 二进制字符串是字节组成的字符串。每个二进制字符串都有一个字符集和一个名为binary的排序规则
    - 非二进制字符串是字符组成的字符串。它具有除binary以外的字符集以及与该字符集兼容的排序规则
    - 对于这两种类型的字符串，比较都是基于字符串单位的数值进行的
    - 对于二进制字符串，单位是字节，比较使用数字字节值
    - 对于非二进制字符串，单位是字符，某些字符集支持多字节字符。比较使用数字字符代码值。字符代码排序（string collateion）是字符串排序规则的函数
    - 字符串字面量可具有可选字符集指示和COLLATE子句，以将其指定为使用特定字符集和排序规则的字符串：
        ```
        [_charset_name]'string' [COLLATE collation_name]
        示例：
        SELECT _latin1'string' COLLATE latin1_danish_ci;
        ```
- 在字符串中，某些序列具有特殊含义。这些序列均用反斜线（`\`）开始，即所谓的转义字符

    | 转义字符 | 说明                     |
    | -------- | ------------------------ |
    | `\0`     | `ASCII NUL (X'00')` 字符 |
    | `\'`     | 单引号（`'`）              |
    | `\"`     | 双引号（`"`）              |
    | `\b`     | 退格符                   |
    | `\n`     | 换行符                   |
    | `\r`     | 回车符                   |
    | `\t`     | tab字符                 |
    | `\Z`     | `ASCII 26 (Control+Z)`   |
    | `\\`     | 反斜线（`\`）字符          |
    | `\%`     | `%` 字符                 |
    | `\_`     | `_` 字符                 |
    - 这些序列对大小写敏感。例如，`\b` 解释为退格，但 `\B` 解释为 `B`
    - `ASCII 26` 字符可以编码为 `\Z`，它能够解决 `ASCII 26` 在Windows上代表文件结束（END OF FILE, EOF）的问题。如果试图使用 `mysql db name < file name`，文件中的ASCII 26会导致问题
    - `\%` 和 `\_` 用于 `LIKE` 运算符中匹配 `%` 和 `_`，这两个字符在模式匹配中表示通配符。在模式匹配外使用时 `\%` 和 `\_` 就是他们本身，而不会被解释成 `%` 和 `_`
    - 在字符串中使用引号
        - `'` 写成 `''`
        - `"` 写成 `""`
        - 使用 `\` 进行转义
        - 被 `'` 引用的字符串中的 `"` 不需要转义和写两次，同理 `"` 引用的 `'` 也是如此
            ```
            SELECT 'hello', 'hel''lo', "hel""lo", 'hel\'lo', 'hel"lo';
            +-------+--------+--------+--------+--------+
            | hello | hel'lo | hel"lo | hel'lo | hel"lo |
            +-------+--------+--------+--------+--------+
            | hello | hel'lo | hel"lo | hel'lo | hel"lo |
            +-------+--------+--------+--------+--------+
            ```
    - 如果你想要在字符串列内插入二进制数据（例如BLOB），必须使用 `\` 转义

## 数值

- 数值包括精确值（整型和 `DECIMAL`)和近似值（浮点数）
- 整形（integer）表示数字序列，小数可能包括 `.` 表示小数点。两种类型的数值均可以在前面加一个 `+`/`-` 来表示正 / 负值符号
- 精确数值有整数部分或小数部分，或两者都有，可以带符号
    ```
    1、2、3.4、-5、-6.78、+9.10
    ```
- 近似值数值文字用科学符号表示，带有尾数和指数，两部分均可带符号
    ```
    1.2E3, 1.2E-3, -1.2E3, -1.2E-3
    ```
- 两个看起来相似的数字可能会被区别对待。例如，`2.34` 是一个精确值（定点）数字，`2.34E0` 却是一个近似值（浮点）
- `DICIMAL` 数据类型是定点类型，计算是精确的。在MySQL中，`DECIMAL` 类型有几个同义词：`NUMERIC`、`DEC`、`FIXED`
- `FLOAT` 和 `DOUBLE` 是浮点类型，计算是近似的。在MySQL中，与 `FLOAT` 或 `DOUBLE` 同义的类型有 `DOUBLE PRECISION`、`REAL`
- 整数可以在浮点上下文中使用，它被解释为等效的浮点数

## 日期和时间值

- 日期和时间值可以用几种格式表示，如引用字符串或数字，具体取决于值的类型和其他因素
- 标准SQL和ODBC日期和时间：
    - 标准SQL允许使用类型关键字和字符串指定时态值。关键字和字符串之间的空格是可选的
        ```
        DATE 'str'
        TIME 'str'
        TIMESTAMP 'str'
        ```
    - MySQL和ODBC可以识别以下表示形式
        ```
        { d 'str' }
        { t 'str' }
        { ts 'str' }
        ```
    > `DATESTAMP` 语法在MySQL中生成一个 `DATETIME` 值，因为 `DATETIME` 的范围更接近于标准SQL`DATESTAMP` 类型，其年范围从0001到9999（MySQL的 `DATESTAMP` 年范围是1970到2038）
- 日期和时间上下文中的字符串和数字文字：MySQL识别以下形式的 `DATE` 值：
    - `'YYYY-MM-DD'` 或 `'YY-MM-DD'`（字符串）
        - 月份和日中十位上的 `0` 可以被省略
        - 可以使用 `/`, `^`, `@` 代替 `-`
    - `'YYYYMMDD'` 或 `'YYMMDD'`（字符串）
        - 对于两位数字的年份：70-99表示1970-1999；00-69表示2000-2069
    - `YYYYMMDD` 或 `YYMMDD`（整形）
    > 最终都被解释成 `'YYYY-MM-DD'` 形式，无效的日期会被解释成 `'0000-00-00'`
- MySQL识别以下形式的 `DATESTAMP` 和 `DATETIME` 值
    - `'YYYY-MM-DD hh:mm:ss'` 或 `'YY-MM-DD hh:mm:ss'`
        - 时分秒中十位上的 `0` 可以被省略
        - 可以使用 `T` 代替日期和时间之间的空格
        - 可以使用 `*`, `+`, `^` 代替 `:`
    - `'YYYYMMDDhhmmss'` 或 `'YYMMDDhhmmss'`
    - `YYYYMMDDhhmmss` 或 `YYMMDDhhmmss`
    > 最终都被解释成 `'YYYY-MM-DD hh:mm:ss'` 形式，无效的日期会被解释成 `'0000-00-00 00:00:00'`
- MySQL识别以下形式的 `TIME`
    - `'D hh:mm:ss'`
        - 可以使用部分：`'hh:mm:ss'`, `'hh:mm'`, `'D hh:mm'`, `'D hh'`, `'ss'`
        - `D` 的值为0到34
    - `'hhmmss'`
    - `hhmmss`
    > 最终都被解释成 `'hh:mm:ss'` 形式，无效的日期会被解释成 `'00:00:00'`
- 识别尾随小数秒部分：小数部分是6位数字，表示微妙
    - `'D hh:mm:ss.fraction'`, `'hh:mm:ss.fraction'`
    - `'hhmmss.fraction'`
    - `hhmmss.fraction`

## 十六进制值

- 基于标准SQL：`X'val'`
    - 大小写不敏感，可以写成 `x'val'`
    - `val` 必须是偶数位，如果是单数位，在前面补 `0`
- 基于OBDC：`'0xval'`
    - 大小写敏感
    - `val` 位数无要求
- 'val' 是十六进制数字（0... 9, A .. F）的序列，大小写不敏感
- 十六进制文字可以有一个可选的字符集导入器和 `COLLATE` 子句，将其指定为使用特定字符集和排序规则的字符串
    ```
    [_charset_name] X'val' [COLLATE collation_name]
    [_charset_name] '0xval' [COLLATE collation_name]
    ```

## 比特值

类似十六进制值
- `b'val'`
- '0bval'
- 默认情况下，比特值是二进制字符串。可以有一个可选的字符集导入器和 `COLLATE` 子句，将其指定为使用特定字符集和排序规则的字符串

## 布尔值

常数 `TRUE` 和 `FALSE` 的值分别为 `1` 和 `0`。常数名大小写不敏感
```
mysql> SELECT TRUE, true, FALSE, false;
+------+------+-------+-------+
| TRUE | TRUE | FALSE | FALSE |
+------+------+-------+-------+
|    1 |    1 |     0 |     0 |
+------+------+-------+-------+
```

## NULL值

- `NULL` 值表示没有数据，是未知的（UNKNOWN）。大小写不敏感
- 注意，空值与数值类型的 `0` 或字符串类型的空字符串 `''` 等不同
- `NULL` 和 `NULL` 比较，结果是未知的，所以也是 `NULL`
    ```
    mysql> SELECT NULL
    +-------------+
    | NULL = NULL |
    +-------------+
    |        NULL |
    +-------------+
    ```

# 模式对象命名

- MySQL中的某些对象，包括数据库、表、索引、列、别名、视图、存储过程、分区、表空间、资源组和其他对象名称，称为标识符
- 标识符可以使用引号引用，也可以不使用引号引用。如果标识符包含特殊字符或保留字，则无论何时引用它，都必须使用引号
- 在内部，标识符被转换为Unicode并存储为Unicode(UTF-8)。标识符中允许的Unicode字符是基本多语言平面（BMP）中的字符。不允许使用补充字符。因此标识符可能包含这些字符
    - 不需要引号引用
        - ASCII：`[0-9,a-z,A-Z$_]`（基本字母，数字，美元符号，下划线）
        - 扩展部分: `U+0080` .. `U+FFFF`
    - 需要引号引用：
        - ASCII: `U+0001` .. `U+007F`
        - 扩展部分: `U+0080` .. `U+FFFF`
    - ASCII NUL(`U+0000`) 及补充字符 (`U+10000` 及以上) 不能使用
    - 标识符可以以数字开头，但除非使用引号，否则不能只包含数字
    - 数据库、表和列名不能以空格字符结束
    - 标识符的引用符为反引号 `。可以在识别符内包括识别符引用符。如果识别符内包括的字符与引用识别符的字符相同，则需要用双字符。下面的语句创建一个名为a`b包含列c"d的表：
        ```
        CREATE TABLE`a``b` (`c"d`INT);
        ```

- 标识符长度限制

    | Identifier               | Type	Maximum Length (characters)           |
    | ------------------------ | ------------------------------------------ |
    | Database                 | 64 (includes NDB Cluster 8.0.18 and later) |
    | Table                    | 64 (includes NDB Cluster 8.0.18 and later) |
    | Column                   | 64                                         |
    | Index                    | 64                                         |
    | Constraint               | 64                                         |
    | Stored Program           | 64                                         |
    | View                     | 64                                         |
    | Tablespace               | 64                                         |
    | Server                   | 64                                         |
    | Log File Group           | 64                                         |
    | Alias                    | 256 (see exception following table)        |
    | Compound Statement Label | 16                                         |
    | User-Defined Variable    | 64                                         |
    | Resource Group           | 64                                         |

# 关键字和保留字

[Keywords and Reserved Words](https://dev.mysql.com/doc/refman/8.0/en/keywords.html)

# 用户定义的变量

- 用户可以在一条语句中将值存储在用户定义的变量中，然后在另一条语句中引用它。这使您能够将值从一个语句传递到另一个语句
- 用户变量与连接有关。也就是说，一个客户端定义的变量不能被其它客户端看到或使用。当客户端退出时，该客户端连接的所有变量将自动释放
- 用户变量的形式为 `@var_name`，其中变量名 `var_name` 可以由当前字符集的文字数字字符、`.`、`_` 和 `$` 组成。 默认字符集是cp1252 (Latin1)。可以用mysqld的 --default-character-set选项更改字符集
- 如果将用户变量名作为字符串或标识符引用（例如，`@'my-var'`、`@"my-var"` 或 `@'my-var'`），则用户变量名可以包含其他字符
- 用户变量名对大小写不敏感，最大长度为64
- 设置用户变量的一个途径是执行SET语句，可以使用 `=`, `:=` 为变量赋值
    ```
    SET @var_name = expr [, @var_name = expr] ...
    ```
- 用户变量可以从一组有限的数据类型赋值：整数、小数、浮点数、字符串或 `NULL` 值
    - 小数和实数的赋值并不保留值的精度或比例
    - 将不允许类型的值转换为允许类型之一的值。例如，具有时间或空间数据类型的值被转换为二进制字符串；将具有JSON数据类型的值转换为一个字符串，该字符串的字符集为utf8mb4，排序规则为utf8mb4 bin
- 如果给用户变量分配了一个非二进制（字符）字符串值，那么它与字符串具有相同的字符集和排序规则。用户变量的强制性是隐含的（字符）
- 分配给用户变量的十六进制或位值被视为二进制字符串。若要将十六进制或位值作为数值分配给用户变量，请在数字上下文中使用它。例如，添加 `0` 或使用 `CAST(... AS UNSIGNED)`
    ```
    mysql> SET @v1 = X'41';
    mysql> SET @v2 = X'41'+0;
    mysql> SET @v3 = CAST(X'41' AS UNSIGNED);
    mysql> SELECT @v1, @v2, @v3;
    +------+------+------+
    | @v1  | @v2  | @v3  |
    +------+------+------+
    | A    |   65 |   65 |
    +------+------+------+
    ```
- 如果在结果集中选择了用户变量的值，它将作为字符串返回给客户机，如果引用未初始化的变量，则该变量的值为 `NULL`，类型为字符串
- MySQL的早期版本使得可以在 `SET` 以外的语句中为用户变量赋值，MySQL 8.0支持此功能以实现向后兼容，但是在将来的MySQL版本中可能会删除该功能。以这种方式进行赋值时，必须使用 `:=` 作为赋值运算符
- 涉及用户变量的表达式的求值顺序不确定。例如，不能保证 `SELECT @a, @a:=@a+1` 中先对 `@a` 求值后赋值
- 变量的默认结果类型基于语句初始的类型。如果变量在语句的初始时刻持有一种类型的值，并且在该语句中还为变量分配了另一种类型的新值，则可能会产生意想不到的效果。为了避免这种行为的问题，要么不分配一个值，并在一个语句中读取同一变量的值，否则在使用它之前设置变量值为 `0`，`0.0` 或者 `''`确定其类型
- 在 `SELECT` 语句中，表达式发送到客户端后才进行计算。这说明在 `HAVING`、`GROUP BY` 或者 `ORDER BY` 子句中，不能使用包含 `SELECT` 列表中所设的变量的表达式，因为服务器中使用的可能是旧值。例如，下面的语句不能按期望工作：
    ```
    SELECT (@aa:=id) AS a，(@aa+3) AS b FROM tb_name HAVING b=5;
    ```
- 用户变量旨在提供数据值。它们不能在SQL语句中直接用作标识符或标识符的一部分，例如在需要表或数据库名称的上下文中，或用作保留字，例如 `SELECT`。即使引用了该变量，也是如此，如以下示例所示：
    ```
    mysql> SELECT firstname FROM employees;
    +-----------+
    | firstname |
    +-----------+
    | Diane     |
         ...
    | Martin    |
    +-----------+
    23 rows in set (1.49 sec)

    mysql> SET @col := 'firstname';
    Query OK, 0 rows affected (0.00 sec)

    mysql> mysql> SELECT @col FROM employees;
    +-----------+
    | @col      |
    +-----------+
    | firstname |
         ...
    | firstname |
    +-----------+
    23 rows in set (0.37 sec)

    mysql> SELECT`@col`FROM employees;
    ERROR 1054 (42S22): Unknown column '@col' in 'field list'

    mysql> SET @col = "'firstname`';
    Query OK, 0 rows affected (0.00 sec)

    mysql> mysql> SELECT @col FROM employees;
    +-------------+
    | @col        |
    +-------------+
    | `firstname` |
         ...
    | `firstname` |
    +-------------+
    23 row in set (0.00 sec)
    ```
- 用户变量不能用于提供标识符的这一原则的一个例外是，当您构造字符串以用作准备语句以供以后执行时。在这种情况下，用户变量可用于提供语句的任何部分。下面的示例说明了如何完成此操作：
    ```
    mysql> SET @c := 'firstname';
    Query OK, 0 rows affected (0.00 sec)

    mysql> SET @s := CONCAT('SELECT ', @col, 'FROM employees');
    Query OK, 0 rows affected (0.00 sec)

    mysql> PREPARE stmt FROM @s;
    Query OK, 0 rows affected (0.01 sec)
    Statement prepared

    mysql> EXECUTE stmt;
    +-----------+
    | firstname |
    +-----------+
    | Diane     |
         ...
    | Martin    |
    +-----------+
    23 rows in set (0.00 sec)

    mysql> DEALLOCATE PREPARE stmt;
    Query OK, 0 rows affected (0.01 sec)
    ```
    > 以这种方式组装SQL语句有时被称为 “动态SQL”

# 系统变量

- MySQL可以访问许多系统和连接变量。当服务器运行时许多变量可以动态更改。这样通常允许你修改服务器操作而不需要停止并重启服务器
- mysqld服务器维护两种变量
    - 全局变量影响服务器整体操作
    - 会话变量影响具体客户端连接的操作
- 当服务器启动时，它将所有全局变量初始化为默认值。这些默认值可以在选项文件中或在命令行中指定的选项进行更改
- 服务器启动后，通过连接服务器并执行 `SET GLOBAL var_name` 语句，可以动态更改这些全局变量。要想更改全局变量，必须具有SUPER权限
- 服务器还为每个连接的客户端维护一系列会话变量。在连接时使用相应全局变量的当前值对客户端的会话变量进行初始化
- 对于动态会话变量，客户端可以通过 `SET SESSION var_name` 语句更改它们。设置会话变量不需要特殊权限，但客户端只能更改自己的会话变量，而不能更改其它客户端的会话变量
- 对于全局变量的更改可以被访问该全局变量的任何客户端看见。然而，它只影响更改后连接的客户的从该全局变量初始化的相应会话变量。不影响目前已经连接的客户端的会话变量（即使客户端执行 `SET GLOBAL` 语句也不影响）
- 要想设置一个GLOBAL变量的值，使用下面的语法：
    ```
    SET GLOBAL var_name=value;
    SET @@global.var_name=value;
    ```
- 要想设置一个SESSION变量的值，使用下面的语法：
    ```
    SET SESSION var_name=value;
    SET @@session.var_name=value;
    SET var_name=value;
    ```
    > LOCAL是SESSION的同义词
- 当你用 `SELECT @@var_name` 搜索一个变量时（也就是说，不指定 `global.`、`session.` 或者 `local.`），MySQL返回SESSION值（如果存在），否则返回GLOBAL值
- 对于 `SHOW VARIABLES`，如果不指定GLOBAL、SESSION或者LOCAL，MySQL返回SESSION值

# 注释语法

MySQL Server支持三种注释样式：
- 从 `#` 到行尾
    ```
    SELECT 1+1;     # This comment continues to the end of line
    ```
- 从 `--` 到行尾。在MySQL中，`--`（双破折号）注释样式要求第二个破折号后必须至少包含一个空格或控制字符（例如空格，制表符，换行符等）。此语法与标准SQL注释语法略有不同
    ```
    SELECT 1+1;     -- This comment continues to the end of line
    ```
- `/*` 和 `*/` 之间，如C编程语言中一样。此语法使注释可以扩展到多行，因为开始和结束序列不必在同一行上
    ```
    SELECT 1+
    /*
    this is a
    multiple-line comment
    */
    1;
    ```