- [概述](#概述)
- [数值类型](#数值类型)
  - [TINYINT, SMALLINT, MEDIUMINT, INTEGER(INT)), BIGINT](#tinyint-smallint-mediumint-integerint-bigint)
  - [DECIMAL(FIXED, DEC), NEMERIC](#decimalfixed-dec-nemeric)
  - [FLOAT, DOUBLE PRECISION(DOUBLE), REAL](#float-double-precisiondouble-real)
  - [BIT](#bit)
  - [数值类型的属性](#数值类型的属性)
  - [超出范围处理](#超出范围处理)
  - [溢出处理](#溢出处理)
- [日期和时间类型](#日期和时间类型)
  - [DATE, DATETIME, TIMESTAMP](#date-datetime-timestamp)
  - [TIME](#time)
  - [YEAR](#year)
  - [自动初始化和更新时间戳和日期时间](#自动初始化和更新时间戳和日期时间)
  - [时间值的小数秒](#时间值的小数秒)
  - [日期时间之间的转换](#日期时间之间的转换)
- [字符串类型](#字符串类型)
  - [CHAR, VARCHAR](#char-varchar)
  - [BINARY, VARBINARY](#binary-varbinary)
  - [BLOB, TEXT](#blob-text)
  - [ENUM](#enum)
  - [SET](#set)
- [空间数据类型](#空间数据类型)
- [JSON 数据类型](#json-数据类型)
  - [创建 JSON 值](#创建-json-值)
- [数据类型存储需求](#数据类型存储需求)
  - [数值类型存储要求](#数值类型存储要求)
  - [日期和时间类型存储要求](#日期和时间类型存储要求)
  - [字符串类型存储要求](#字符串类型存储要求)

# 概述

MySQL 数据类型包括：
- 数字类型
- 时间和日期类型
- 字符串（字符和字节）类型
- 空间类型
- JSON 数据类型

数据类型描述约定：
- 对于整数类型，`M` 表示最大显示宽度。对于浮点和定点类型， `M` 是可以存储的总位数（精度）。对于字符串类型，`M` 是最大长度。的最大允许值 `M` 取决于数据类型。
- `D` 适用于浮点和定点类型，并指示小数点后的位数（小数位数）。可能的最大值是 `30`，但不应大于 `M - 2`。
- `fsp` 适用于 `TIME`，`DATETIME` 和 `TIMESTAMP` 类型和表示小数精度秒；也就是说，小数点后的位数是秒的小数部分。`fsp` 如果给出值，则该值必须在 `0` 到 `6` 位数的范围内。值 `0` 表示没有小数部分。如果省略，则默认精度为 `0`（这与标准 SQL 默认值 `6` 不同，以便与以前的 MySQL 版本兼容）
- `[]` 指示数据定义的可选部分

# 数值类型

- MySQL 支持所有标准 SQL 数值数据类型
    - 精确数值数据类型：`INTEGER`, `SMALLINT`, `DECIMAL`, `NUMERIC`
    - 近似数值数据类型：`FLOAT`, `REAL`, `DOUBLE PRECISION`
- MySQL 同义词
    - `INTEGER` 的同义词：`INT`
    - `DICIMAL` 的同义词：`FIXED`, `DEC`
    - `DOUBLE PRECISION` 的同义词：`DOUBLE`（非标准扩展）, `REAL`（非标准变化）
- MyISAM, MEMORY, InnoDB, NDB 引擎支持 `BIT` 数据类型存储比特值

## TINYINT, SMALLINT, MEDIUMINT, INTEGER(INT)), BIGINT

- MySQL 支持 SQL 标准整数类型 `INTEGER`(或 INT) 和 SMALLINT。
- 作为标准的扩展，MySQL 还支持整数类型 `TINYINT`、`MEDIUMINT` 和 `BIGINT`。
- 类型的存储大小和取值范围

    | 类型      | 存储 (字节) | 有符号取值范围               | 无符号取值范围     |
    | --------- | ----------- | ---------------------------- | ------------------ |
    | TINYINT   | 1           | $-128$ ~ $127$               | $0$ ~ $255$        |
    | SMALLINT  | 2           | $-32768$ ~ $32767$           | $0$ ~ $65535$      |
    | MEDIUMINT | 3           | $-8388608$ ~ $8388607$       | $0$ ~ $16777$      |
    | INT       | 4           | $-2147483648$ ~ $2147483647$ | $0$ ~ $2^{32} - 1$ |
    | BIGINT    | 8           | $-2^{63}$ ~ $2^{63} - 1$     | $0$ ~ $2^{64} - 1$ |

## DECIMAL(FIXED, DEC), NEMERIC

- DICIMAL` 和 `NUMERIC` 类型存储精确的数字数据值。当需要保持精确精度时，可以使用这些类型。
- 在 MySQL 中，`NUMERIC` 被实现成 `DICIMAL`，即二者等价
- MySQL 使用二进制存储 `DECIMAL`
- 在 `DECIMAL` 列定义中，精度和刻度是可以指定的，通常也是如此
    ```
    salary DECIMAL(5,2)
    ```
    - 在这个例子中，5 是精度，2 是刻度。精度表示为值存储的有效位数的数量，刻度表示小数点后可存储的位数的数量。
    - 标准 SQL 要求 `DECIMAL(5,2)` 能够存储包含 5 位数字和 2 位小数的任何值，所以其取值范围为 000.00 ~ 999.99
- 在标准 SQL 中，`DECIMAL(M)` 语法等价于 `DECIMAL(M,0)`。类似地，语法 `DECIMAL` 等价于 `DECIMAL(M,0)`，其中允许实现决定 `M` 的值。MySQL 支持这两种形式的语法，`M` 的默认值是 `10`。
- 如果刻度为 `0`，则十进制值不包含小数点或小数部分。
- `DECIMAL` 的最大位数是 `65`，但是给定 `DECIMAL` 列的实际范围可以受到给定列的精度或比例的限制。当为这样一列分配一个值，该值的小数点后位数超过指定的刻度所允许的位数时，该值将转换为该刻度(精确的行为是特定于操作系统的，但通常效果是截断到允许的位数)。

## FLOAT, DOUBLE PRECISION(DOUBLE), REAL

- `FLOAT` 和 `DOUBLE` 表示浮点型（近似数值）

    | 类型             | 存储（字节） | 精度   |
    | ---------------- | ------------ | ------ |
    | `FLOAT`          | 4            | 单精度 |
    | `DOUBLE`, `REAL` | 8            | 双精度 |
- 对于 `FLOAT`，SQL 标准允许在关键字 `FLOAT` 后面使用圆括号指定精度(但不允许指定指数的范围)，即 `FLOAT(p)`。MySQL 也支持可选精度声明，即直接使用 `FLOAT`。声明精度用于确定存储大小
    - 精度 0 ~ 23 使用 4 字节的单精度浮点列
    - 精度 24 ~ 53 使用 8 字节的双精度双列
- MySQL 支持非标准的 `FLOAT(M,D)`, `REAL(M,D)`, `DOUBLE PRECISION(M,D)` 语法
    - 例如，`FLOAT(7,4)` 定义的列显示时类似 -999.9999
    - 在存储值时会使用近似值，例如 999.00009 插入 `FLOAT(7,4)` 列可能会导致 999.0001
    - 在 MySQL 8.0.17，中，这些语法是过时的，以后版本可能会移除
- 因为浮点型是近似数值，尝试像精确数值那样比较（等于、不等于...）可能会导致问题
- 为了获得最大的可移植性，需要存储近似数值数据值的代码应该直接使用 `FLOAT` 或 `DOUBLE`，而不指定精度或数字的数量

## BIT

- `BIT` 据类型用于存储比特值。`BIT(M)` 使 `M` 位的值的存储。`M` 可为 1 ~ 64。
- 可以使用 `b'val'` 的形式定义比特值。例如，`b'111'`, `b'10000000'` 表示 7 和 128。
- 如果定义了 `BIT(M)`，存储的值的位数小于 `M`，则在前面填充 `0`
- NDB 集群（NDB Cluster）：在给定的 NDB 表使用的所有 `BIT` 列的最大组合大小不得超过 4096 位。

## 数值类型的属性

- MySQL 支持一个扩展，可选地在类型的基本关键字后面的括号中指定整数数据类型的显示宽度。如 `INT(4)` 明确 `INT` 的显示宽度是 4 位数字
    - 应用程序可以使用这个可选的显示宽度来显示宽度小于列指定宽度的整数值，方法是用空格左填充整数值
    - 显示宽度不限制可以存储在列中的值的范围。它也不会阻止比列显示宽度更宽的值被正确显示。例如，指定为 `SMALLINT(3)` 的列通常具有 -32768 到 32767 的 `SMALLINT` 范围，超出三位所允许的范围的值将使用三位以上的数字全部显示。
- 当与可选(非标准) `ZEROFILL` 属性一起使用时，默认的空格填充将被替换为零。例如，对于声明为 `INT(4) ZEROFILL` 的列，值 `5` 检索为 `0005`。
    - 该 `ZEROFILL` 属性被参与表达式或 `UNION` 查询列忽略
    - 如果将大于显示宽度的值存储在具有 `ZEROFILL` 属性的整数列中，那么 MySQL 为一些复杂的连接生成临时表时可能会遇到问题。在这些情况下，MySQL 假设数据值符合列显示宽度。
    - 在 MySQL 8.0.17，中，`ZEROFILL` 属性是过时的，以后版本可能会移除
- 所有整数类型都可以有一个可选(非标准) `UNSIGNED` 属性。
    - 无符号类型可用于只允许列中使用非负数
    - 或者当您需要列的较大的上限时。例如，如果一个 `INT` 列是无符号的，那么列的范围大小是相同的，但是它的端点向上移动，从 -2147483648 ~ 2147483647 到 0 ~ 4294967295。
    - 定点和浮点型也可以使用 `UNSIGNED` 属性，可以保证列中不能存储赋值
    - 在 MySQL 8.0.17，中，定点和浮点型中使用 `UNSIGNED` 属性是过时的，以后版本可能会移除
    - 如果为数值列指定了 `ZEROFILL`, MySQL 会自动添加 `UNSIGNED` 属性
- 整数或浮点数据类型可以具有 `AUTO_INCREMENT` 属性。
    - 当将 `NULL` 值插入索引自动递增列时，该列被设置为下一个序列值。通常这是 value+1，其中 value 是表中当前列的最大值(自动递增序列以 1 开始)
    - 将 `0` 存储到 `AUTO_INCREMENT` 列具有和存储 `NULL` 相同的效果，除非启用了NO_AUTO_VALUE_ON_ZERO SQL 模式
    - 插入 `NULL` 以生成自动增量值要求列声明为 `NOT NULL`。如果列声明为 `NULL`，则插入 `NULL`将存储一个 `NULL`。
    - 当将任何其他值插入自动递增列时，列被设置为该值，并重置序列，以便下一个自动生成的值按照插入值的顺序生成。
    - `AUTO_INCREMENT` 属性不支持负数
    - CHECK 约束不能指具有 `AUTO_INCREMENT` 属性的列，也不能将 `AUTO_INCREMENT` 属性添加到 CHECK 约束中被使用列。
    - 在 MySQL 8.0.17，中，`FLOAT`, `DOUBLE` 中使用 `AUTO_INCREMENT` 属性是过时的，以后版本可能会移除

## 超出范围处理

当 MySQL 在列数据类型的允许范围之外的数值列中存储值时，结果取决于当时有效的SQL模式
- 如果启用了严格的 SQL 模式，则按照 SQL 标准，MySQL 会拒绝超出范围的值并产生错误，并且插入将失败。
- 如果未启用任何限制模式，MySQL 会将值裁剪到列数据类型范围的适当端点，并存储结果值。
    - 当将超出范围的值分配给整数列时，MySQL 将存储代表该列数据类型范围的相应端点的值。
    - 当为浮点或定点列分配的值超出指定（或默认）精度和小数位数所隐含的范围时，MySQL 将存储代表该范围的相应端点的值。
- 示例：
    - 创建表
        ```
        CREATE TABLE t1 (i1 TINYINT, i2 TINYINT UNSIGNED);
        ```
    - 严格模式开启：
        ```
        mysql> SET sql_mode = 'TRADITIONAL';
        mysql> INSERT INTO t1 (i1, i2) VALUES(256, 256);
        ERROR 1264 (22003): Out of range value for column 'i1' at row 1
        mysql> SELECT * FROM t1;
        Empty set (0.00 sec)
        ```
    - 关闭严格模式：
        ```
        mysql> SET sql_mode = '';
        mysql> INSERT INTO t1 (i1, i2) VALUES(256, 256);
        mysql> SHOW WARNINGS;
        +---------+------+---------------------------------------------+
        | Level   | Code | Message                                     |
        +---------+------+---------------------------------------------+
        | Warning | 1264 | Out of range value for column 'i1' at row 1 |
        | Warning | 1264 | Out of range value for column 'i2' at row 1 |
        +---------+------+---------------------------------------------+
        mysql> SELECT * FROM t1;
        +------+------+
        | i1   | i2   |
        +------+------+
        |  127 |  255 |
        +------+------+
        ```

## 溢出处理

- 数值表达式求值期间溢出将导致错误。例如，最大的带符号 `BIGINT` 值是 9223372036854775807，因此下面的表达式会产生一个错误
    ```
    mysql> SELECT 9223372036854775807 + 1;
    ERROR 1690 (22003): BIGINT value is out of range in '(9223372036854775807 + 1)'
    ```
- 为了使操作在这种情况下取​​得成功，值转换为无符号;
    ```
    mysql> SELECT CAST(9223372036854775807 AS UNSIGNED) + 1;
    +-------------------------------------------+
    | CAST(9223372036854775807 AS UNSIGNED) + 1 |
    +-------------------------------------------+
    |                       9223372036854775808 |
    +-------------------------------------------+
    ```
- 溢出是否发生取决于操作数的范围，因此处理前面表达式的另一种方法是使用精确值算术，因为 `DECIMAL` 的范围比 `BIGINT` 大
    ```
    mysql> SELECT 9223372036854775807.0 + 1;
    +---------------------------+
    | 9223372036854775807.0 + 1 |
    +---------------------------+
    |     9223372036854775808.0 |
    +---------------------------+
    ```
- 整数值之间的减法(其中一个为无符号类型)在缺省情况下生成无符号结果。如果结果是负数，就会产生错误
    ```
    mysql> SET sql_mode = '';

    mysql> SELECT CAST(0 AS UNSIGNED) - 1;
    ERROR 1690 (22003): BIGINT UNSIGNED value is out of range in '(cast(0 as    unsigned) - 1)'
    ```
- 如果开启了 NO_UNSIGNED_SUBTRACTION SQL 模式
    ```
    mysql> SET sql_mode = 'NO_UNSIGNED_SUBTRACTION';

    mysql> SELECT CAST(0 AS UNSIGNED) - 1;
    +-------------------------+
    | CAST(0 AS UNSIGNED) - 1 |
    +-------------------------+
    |                      -1 |
    +-------------------------+
    ```
- 如果这样的操作的结果被用来更新一个无符号整数列，结果被剪裁到该列类型的最大值，或如果启用 NO_UNSIGNED_SUBTRACTION 限幅到 `0`。 如果启用严格的 SQL 模式，则会出现错误和列保持不变。

# 日期和时间类型

| 数据类型  | 显示格式              | “Zero” 值             |
| --------- | --------------------- | --------------------- |
| DATE      | 'YYYY-MM-DD'          | '0000-00-00'          |
| TIME      | 'hh:mm:ss'            | '00:00:00'            |
| DATETIME  | 'YYYY-MM-DD hh:mm:ss' | '0000-00-00 00:00:00' |
| TIMESTAMP | 'YYYY-MM-DD hh:mm:ss' | '0000-00-00 00:00:00' |
| YEAR      | YYYY                  | 0000                  |

## DATE, DATETIME, TIMESTAMP

- `DATE` 类型用于具有日期部分但没有时间部分的值。MySQL 检索并以 'YYYY-MM-DD' 格式显示。支持的范围是 '1000-01-01' ~ '9999-12-31'。
- `DATETIME` 和 `TIMESTAMP` 类型用于包含日期和时间部分的值。MySQL 检索并以'YYYY-MM-DD hh:mm:ss' 格式显示值。
    - `DATETIME` 支持的范围是 '1000-01-01 00:00:00' ~ '9999-12-31 23:59:59'。
    - `TIMESTAMP` 的范围是 '1970-01-01 00:00:01' UTC ~ '2038-01-19 03:14:07' UTC
- `DATETIME` 和 `TIMESTAMP` 类型可包含尾随小数秒的部分，精度最高为微秒（6 位），详细见 `TIME` 类型。

## TIME

- MySQL 检索并 `TIME` 以 `'hh:mm:ss'` 格式（或 `'hhh:mm:ss'大小时数格式`）显示。
- `TIME` 值的范围可以从 '-838:59:59' 至 '838:59:59'。
    - 小时部分可能会很大，因为该 `TIME` 类型不仅可以用来表示一天中的某个时间（必须少于 24 小时）
    - 而且可以用来表示经过的时间或两个事件之间的时间间隔（可能远大于 24 小时，甚至是负的）。
- MySQL 可识别 `TIME` 多种格式的值，其中某些格式可包含尾随小数秒的部分，精度最高为微秒（6 位）。需要注意的是，`TIME` 存储在列中的值中的任何小数部分都 被存储而不是被丢弃。包括小数部分时，`TIME` 值的范围是 '-838:59:59.000000' 至 '838:59:59.000000'。
- 在为 `TIME` 列分配缩写值时要小心。
    - MySQL 将 TIME 冒号的缩写值（`'hh:mm'`）解释为一天中的时间。也就是说，'11:12' 意味着 '11:12:00'（11 时 12 分 0 秒）。
    - MySQL 使用最右边的两个数字表示秒（即经过时间而不是一天中的时间）的假设来解释不带冒号的缩写值(`'mmss'` 和 `mmss`)。例如，'1112' 和 1112 解释为 '00:11:12'（0 时 11 分 12 秒）
    - 同样，'12' 和 12 解释为 '00:00:12'（0 时 0 分 12 秒）
- 在时间部分和小数秒部分之间识别的唯一定界符是小数点 `.`。
- 默认情况下
    - 超出 `TIME` 范围但有效的值将被裁剪到范围的最近端点。例如，'-850:00:00' 和 '850:00:00' 转换为 '-838:59:59' 和 '838:59:59'。
    - 无效的 `TIME` 值转换为 '00:00:00'。请注意，由于 '00:00:00' 它本身是有效值 `TIME`，因此无法通过 '00:00:00' 表中存储的值来判断原始值是指定为 '00:00:00' 值或者是无效值。
- 为了更严格地处理无效 `TIME` 值，请启用严格的 SQL 模式以导致无效的 `TIME` 值显示错误

## YEAR

- `YEAR` 类型是 1 字节类型，用于表示年份值。可以将其声明为 `YEAR` 或 `YEAR(4)`，显示宽度为四个字符。
- MySQL 8.0 不支持旧版本MySQL中允许的 `YEAR(2)` 数据类型。有关转换成指令 `YEAR(4)`
- 可以采用多种格式指定输入 `YEAR` 值：
    - 1901 ~ 2155 范围内的 4 位数字
    - '1901' ~ '2155' 范围内的 4 位数字符串
    - 1 或 2 位数的数字，范围为 1 ~ 99。MySQL 将在 1 ~ 69 范围内的值转换为 2001 ~ 2069，将在 70 ~ 99 范围内的值转换为 1970 ~ 1999
    - 1 或 2 位数的字符串，范围为 '0'为到'99'。MySQL 将在 '0' ~ '69' 范围内的值转换为 2000 ~ 2069，将在 '70' ~ '99' 范围内的值转换为 1970 ~ 1999
    - 插入数字 0 的结果显示值为 0000，内部值为 0000。要插入零并将其解释为 2000，请将其指定为字符串 '0' 或 '00'。
- MySQL 将无效 YEAR 值转换为 0000。

## 自动初始化和更新时间戳和日期时间

- `DATETIME` 和 `TIMESTAMP` 数据类型提供自动初始化和更新到当前的日期和时间
    - 对于没有指定列值的插入行，将自动初始化列设置为当前时间戳
    - 当行中任何其他列的值从其当前值更改时，自动更新列将自动更新到当前时间戳。如果所有其他列都设置为当前值，则自动更新列将保持不变。要防止自动更新的列在其他列更改时更新，请显式地将其设置为当前值
- 使用 `DEFAULT CURRENT_TIMESTAMP` 和 `ON UPDATE CURRENT_TIMESTAMP` 特定于 `TIMESTAMP` 和 `DATETIME`。该 DEFAULT 子句还可用于指定常量（非自动）默认值（例如  `DEFAULT 0` 或 `DEFAULT '2000-01-01 00:00:00'`）。
    ```
    CREATE TABLE t1 (
        ts TIMESTAMP DEFAULT CURRENT_TIMESTAMP ON UPDATE CURRENT_TIMESTAMP,
        dt DATETIME DEFAULT CURRENT_TIMESTAMP ON UPDATE CURRENT_TIMESTAMP
    );
    ```
    - 使用 `DEFAULT 0`，默认值会根据 NO_ZERO_DATE 或严格 SQL 模式是否启用而产生警告或错误。请注意，TRADITIONAL SQL 模式包括严格模式和 NO_ZERO_DATE。
    - 如果有 `ON UPDATE CURRENT_TIMESTAMP` 子句但没有 `DEFAULT` 子句，则该列会自动更新为当前时间戳，但没有默认值的当前时间戳。
        -  `TIMESTAMP` 除非使用 `NULL` 属性定义，否则默认值为 `0` ，在这种情况下，默认值为 `NULL`
            ```
            CREATE TABLE t1 (
                ts1 TIMESTAMP ON UPDATE CURRENT_TIMESTAMP,     -- default 0
                ts2 TIMESTAMP NULL ON UPDATE CURRENT_TIMESTAMP -- default NULL
            );
            ```
        - `DATETIME NULL` 除非使用 `NOT NULL` 属性定义， 否则默认值为 `0`
            ```
            CREATE TABLE t1 (
                dt1 DATETIME ON UPDATE CURRENT_TIMESTAMP,         -- default NULL
                dt2 DATETIME NOT NULL ON UPDATE CURRENT_TIMESTAMP -- default 0
            );
            ```

## 时间值的小数秒

MySQL 8.0 支持 `TIME`、`DATETIME` 和 `TIMESTAMP` 的小数秒，精度高达微秒(6 位)
- 定义一个带有小树秒部分的列的语法：`type_name(fsp)`。type_name 是 `TIME`, `DATETIME`, 或 `TIMESTAMP`，fsp 表示小数秒的精度。例如
    ```
    CREATE TABLE t1 (t TIME(3), dt DATETIME(6));
    ```
    fsp 的取值范围为 0 ~ 6，, 表示没有小数秒。MySQL 中省缺值为 0，标准 SQL 为 6
- 插入 `TIME`、`DATETIME` 和 `TIMESTAMP` 值到列中小数秒部分会根据精度自动四舍五入。如果不想使用四舍五入，启用 TIME_TRUNCATE_FRACTIONAL SQL 模式：
    ```
    SET @@sql_mode = sys.list_add(@@sql_mode, 'TIME_TRUNCATE_FRACTIONAL');
    ```
- 接受时间参数的函数接受以小数秒为单位的值。时间函数的返回值包括适当的小数秒。例如，没有参数的 `NOW()` 返回没有小数部分的当前日期和时间，但是接受一个从 0 到 6 的可选参数，以指定返回值包含该数字的小数秒部分。
    ```
    mysql> SELECT NOW(6);
    +----------------------------+
    | NOW(6)                     |
    +----------------------------+
    | 2019-09-29 14:55:51.952198 |
    +----------------------------+
    ```
- 时态字面量的语法生成时态值：`DATE'str'`、`TIME'str'` 和 `TIMESTAMP'str'`，以及 ODBC 语法中的等价值。如果指定，结果值包括尾随小数秒部分。在此之前，忽略时态类型关键字，这些构造将生成字符串值。

## 日期时间之间的转换

- 隐式转换
    - `DATE`
    - 转换成 `TIMESTAMP` 或 `DATETIME`：日期部分不变，时间部分为 '00:00:00'
    - 转换为 `TIME`：无效，结果为 '00:00:00'
    - `DATETIME` 和 `DATETIME`
        - 转换为 `TIME`：需要考虑小数秒部分，进行四舍五入（500 为界），比如 '1999-12-31 23:59:59.499' 转为 '1999-12-31'，'1999-12-31 23:59:59.500' 转为 '2000-01-01'
        - 转换为 `TIME`：直接为时间部分
    - `TIME`：日期部分使用 `CURRENT_DATE()` 方法的返回值，原本的时间表示经过的时间而非一天内的时间，结果是二者之和
- 显示转换：`CAST(var AS type)` 函数
- 数值形式转换：使用 `+0`，结果决定于是否有小数秒部分
    ```
    mysql> SELECT CURTIME(), CURTIME()+0, CURTIME(3)+0;
    +-----------+-------------+--------------+
    | CURTIME() | CURTIME()+0 | CURTIME(3)+0 |
    +-----------+-------------+--------------+
    | 15:21:50  |      152150 |   152150.071 |
    +-----------+-------------+--------------+

    mysql> SELECT NOW(), NOW()+0, NOW(3)+0;
    +---------------------+----------------+--------------------+
    | NOW()               | NOW()+0        | NOW(3)+0           |
    +---------------------+----------------+--------------------+
    | 2019-09-29 15:22:19 | 20190929152219 | 20190929152219.999 |
    +---------------------+----------------+--------------------+
    ```

# 字符串类型

## CHAR, VARCHAR

- `CHAR` 和 `VARCHAR` 类型相似，但在存储和检索方式上有所不同。它们在最大长度和是否保留尾随空格方面也有所不同。
- `CHAR` 和 `VARCHAR` 类型可以声明长度指示能存储的最大字符数。例如，`CHAR(30)` 可以容纳最多 30 个字符。
- `CHAR` 列的长度固定为创建表时声明的长度。长度可以是 0 ~ 255 的任意值。当存储 `CHAR` 值时，用指定长度的空格右填充它们。检索 `CHAR` 值时，除非启用了 PAD_CHAR_TO_FULL_LENGTH SQL 模式，否则将**删除尾随空格**。
- `VARCHAR` 列中的值是可变长度的字符串。长度可以指定为 0 ~ 65535 之间的值。`VARCHAR` 的有效最大长度取决于最大行大小(65535 字节，在所有列之间共享)和使用的字符集。
- 与 `CHAR` 相比， `VARCHAR` 值存储时需要加上 1 或 2 字节长的前缀数据，用于指示值中的字节数。如果值需要不超过 255 个字节，则使用 1 个长度字节表示，否则使用  2 个字节。
- 如果未启用严格 SQL 模式，并且为 `CHAR` 或 `VARCHAR` 列分配的值超过了列的最大长度，则该值将被截断以适合并生成警告。对于非空格字符的截断，可以使用严格的 SQL 模式导致发生错误（而不是警告）并抑制该值的插入
- 对于 `VARCHAR` 列，无论使用哪种 SQL 模式，插入前都会截断超出列长度的尾随空格，并生成警告。对于 CHAR 列，无论 SQL 模式如何，都将以静默方式从插入的值中截断多余的尾随空格。
- `VARCHAR` 值在存储时不会填充。根据标准 SQL，在存储和检索值时保留尾随空格。
- 下表说明了之间的区别（假设该列使用诸如的单字节字符集 latin1）

    | Value        | CHAR(4)  | Storage Required | VARCHAR(4) | Storage Required |
    | ------------ | -------- | ---------------- | ---------- | ---------------- |
    | `''`         | `'    '` | 4 bytes          | `''`       | 1 byte           |
    | `'ab'`       | `'ab  '` | 4 bytes          | `'ab'`     | 3 bytes          |
    | `'abcd'`     | `'abcd'` | 4 bytes          | `'abcd'`   | 5 bytes          |
    | `'abcdefgh'` | `'abcd'` | 4 bytes          | `'abcd'`   | 5 bytes          |

## BINARY, VARBINARY

- `BINARY` 和 `VARBINARY` 类型类似 `CHAR` 和 `VARCHAR`，不同的是它们包含二进制字符串。这意味着它们具有 binary 字符集和排序规则，并且比较和排序基于值中字节的数字值。
- `BINARY` 和 `VARBINARY` 类型允许的最大长度类似 `CHAR` 和 `VARCHAR`，但存储单位是字节而不是字符个数
- `BINARY` 和 `VARBINARY` 类型不同于 `CHAR BINARY` 和 `VARCHARBINARY`，后者不会被视为字节字符串，而是使用二进制（_bin） 排序。例如：
    - `CHAR(5) BINARY` 被视为`CHAR(5) CHARACTER SET utf8mb4 COLLATE utf8mb4_bin`（假设默认字符集为 utf8mb4）
    - 而 `BINARY(5)` 存储 5 个字节长的二进制字符串（字符集为 binary）
- 存储 `BINARY` 值时，长度不足指定长度时会自动在右边填充 0X00（字节 0 值），而在检索时右边尾随的 0x00 会被剥离。0x00 和空格不同，0x00 的值更小。
    - 例如：`BINARY(3)` 列插入 'a '，会填充为 'a \0'，插入 'a\0' 会填充为 'a\0\0'（类似转义）
- 对于剥离尾随字节或比较忽略它们的情况，
    - 如果一列具有要求唯一值的索引，则将仅尾随字节数不同的值插入列中将导致重复键错误。例如，如果表包含 'a'，则尝试存储 'a\0' 会导致重复键错误。
    - 如果计划使用 `BINARY` 数据类型存储二进制数据，并且要求检索的值与存储的值完全相同，则应仔细考虑上述填充和剥离特性。
        ```
        mysql> CREATE TABLE t (c BINARY(3));
        Query OK, 0 rows affected (0.01 sec)

        mysql> INSERT INTO t SET c = 'a';
        Query OK, 1 row affected (0.01 sec)

        mysql> SELECT HEX(c), c = 'a', c = 'a\0\0' from t;
        +--------+---------+-------------+
        | HEX(c) | c = 'a' | c = 'a\0\0' |
        +--------+---------+-------------+
        | 610000 |       0 |           1 |
        +--------+---------+-------------+
        1 row in set (0.09 sec)
        ```
- 如果检索到的值必须与为存储指定的值相同且没有填充，则最好使用 `VARBINARY` 或使用 `BLOB` 数据类型来代替。

## BLOB, TEXT

- `BLOB` 是二进制大对象（Binary Large Object）
    - `BOLB` 有四类：`TINYBLOB`, `BLOB`, `MEDIUMBLOB`, `LONGBLOB`，他们的区别只是能过保存的值的长度不同。
    - 对于 `TEXT`，也有四类：`TINYTEXT`, `TEXT`, `MEDIUMTEXT`, `LONGTEXT`，它们与四类 `BLOB` 相对应，用于相同的长度限制和存储要求。
- `BLOB` 值被视为二进制字符串（字节字符串），字符集和排序规则为 binary，比较和排序基于字节对应的数值
- `TEXT` 值被视为非二进制字符串，拥有 binary 之外的一种字符集，比较和排序基于相应排序规则
- 如果没有启用严格 SQL 模式，并且为超过列的最大长度的 `BLOB` 或 `TEXT` 列指定了一个值，则将截断该值以适合该列，并生成警告。对于非空格字符的截断，可以使用严格 SQL 模式导致出现错误(而不是警告)并禁止插入值
- 从要插入 `TEXT` 列的值中截断多余的尾随空格总是会生成警告，无论 SQL 模式如何。
- 对于 `TEXT` 和 `BLOB`，插入是不会有填充，删除时不会有剥离
- 如果在 `TEXT` 列上加了索引，索引项比较在末尾用空格填充。这意味着，如果索引要去唯一值，则只是尾部空格数不同的值会导致重复键错误，例如表中已经包含 `'a'`，在尝试储存 `'a '`。对于 `BLOB` 列则不会如此
- 通常，可以将 `BLOB` 视为 `VARBINARY`，将 `TEXT` 视为 `VARCHAR`。不过 `TEXT` 和 `BLOB` 在以下情况下与 `VARBINARY`, `VARCHAR` 不同
    - 对于索引列，`TEXT` 和 `BLOB` 需要添加索引前缀长度，而 `VARBINARY` 和 `VARCHAR` 是可选的
    - `TEXT` 和 `BLOB` 不能指定默认值（`DEFAULT`）
- 如果在 `TEXT` 数据类型上使用 `BINARY` 属性，则该数据类型具有 binary 的字符集和排序规则
- `LONG`, `LONG VARCHAR` 与 `MEDIUMTEXT` 相匹配，这是兼容性特征
- MySQL Connector/ODBC 将 `BLOB` 和 `TEXT` 值定义为 `LONGBINARY` 和 `LONGVARCHAR`

## ENUM

- 枚举是一个字符串对象，其值从表创建时列规范中显式枚举的允许值列表中选择。它有这些优点
    - 在列的一组可能值有限的情况下，压缩数据存储。指定为输入值的字符串会自动编码为数字
    - 可读的查询和输出。这些数字将转换回查询结果中的相应字符串
- 以及需要考虑的这些潜在问题：
    - 如果使枚举值看起来像数字，则很容易将文字值与其内部索引号混合使用
    - 在 `ORDER BY` 子句中使用 `ENUM` 列需要格外小心
- 创建和使用 `ENUM`：枚举值必须是带引号的字符串文字
    ```
    CREATE TABLE shirts (
        name VARCHAR(40),
        size ENUM('x-small', 'small', 'medium', 'large', 'x-large')
    );

    INSERT INTO shirts (name, size) VALUES ('dress shirt','large'), ('t-shirt', 'medium'), ('polo shirt','small');

    SELECT name, size FROM shirts WHERE size = 'medium';
    +---------+--------+
    | name    | size   |
    +---------+--------+
    | t-shirt | medium |
    +---------+--------+

    UPDATE shirts SET size = 'small' WHERE size = 'large';

    COMMIT;
    ```
    在表中插入 100 万行（值为）'medium' 只需要 100 万字节的存储空间，而将实际字符串存储'medium' 在 VARCHAR 列中则需要 600 万字节的存储空间
- 枚举字面量的索引值：每一个索引都有一个索引值
    - 在列规范中为列出的元素分配有索引号，从 1 开始
    - 空字符串错误值的索引值为 0。这意味着您可以使用以下 `SELECT` 语句查找 `ENUM` 分配了无效值的行：
        ```
        SELECT * FROM tbl_name WHERE enum_col=0;
        ```
    - `NULL` 值的索引为 `NULL`
    - 枚举列最多可以有 65,535 个不同的元素
    - 术语“索引”只是为了列出枚举值，和表索引无关
    - 例如，对于一个列定义的 ` ENUM('Mercury', 'Venus', 'Earth')`

        | 值        | 索引   |
        | --------- | ------ |
        | `Null`    | `NULL` |
        | `''`      | 0      |
        | 'Mercury' | 1      |
        | 'Venus'   | 2      |
        | 'Earth'   | 3      |
    - 检索枚举列时，返回值是枚举对于的索引
        ```
        SELECT enum_col+0 FROM tbl_name;
        ```
- 枚举字面量的处理：
    - 创建表后，会从表定义中的成员值中 `ENUM` 自动删除尾随空格
    - 检索到时，`ENUM` 将使用列定义中使用的字母大小写显示存储在列中的值。请注意，`ENUM` 可以为列分配一个字符集和排序规则。对于二进制或区分大小写的排序规则，在为列分配值时考虑字母大小写。
    - 如果将数字存储到 `ENUM` 列中，则该数字将被视为可能值的索引，并且存储的值是具有该索引的枚举成员。如果数值是引用，它仍然解释为索引，如果在枚举值的列表中没有匹配的字符串。由于这些原因，建议不要 `ENUM` 用看起来像数字的枚举值定义一列，因为这很容易造成混淆。例如：
        ```
        numbers ENUM('0','1','2')

        mysql> INSERT INTO t (numbers) VALUES(2), ('2'), ('3');
        mysql> SELECT * FROM t;
        +---------+
        | numbers |
        +---------+
        | 1       |  -- 2 被视为索引，在枚举中索引为 2 的值为 '1'
        | 2       |  -- '2' 被视为值，在枚举中存在 '2' 的值，所以值就是 '2'
        | 2       |  -- '3' 被视为值，在枚举中不存在 '3' 的值，所以被视为索引，该索引对应的值为 '2'
        +---------+
        ```
- 空或 `NULL` 枚举值：在某些情况下，枚举值也可以是空字符串（`''`）或 `NULL`
    - 插入无效的 `ENUM` 值（在允许值列表中不存在的字符串），则会插入空字符串，而不是将其作为特殊错误值。通过将该字符串的数值设为 0，可以将该字符串与“正常”空字符串区分开。如果启用了严格 SQL 模式，则尝试插入无效 `ENUM` 值将导致错误。
    - 如果一 `ENUM` 列被声明为允许 `NULL`，则该 `NULL` 值为该列的有效值，默认值为 `NULL`。如果 `ENUM` 声明了列 `NOT NULL`，则其默认值是允许值列表的第一个元素。
- 枚举排序：`ENUM` 值根据其索引号排序，索引号取决于列规范中列出的枚举成员的顺序
    - 空字符串排在非空字符串之前，`NULL` 值排在所有其他枚举值之前。
    - 为防止在 `ENUM` 列使用 `ORDER BY` 子句时出现意外结果，请使用以下技术之一：
        - 按字母顺序声明 `ENUM` 列表
        - 确保列由编码分类词汇，而不是通过索引号。 `ORDER BY CAST(col AS CHAR)` 或 `ORDER BY CONCAT(col)`
- 枚举限制
    - 枚举值不能是表达式，即使是求值为字符串值的表达式。例如，这种 `CREATE TABLE` 不能生效，因为 `CONCAT` 功能不能用于构建一个枚举值：
        ```
        CREATE TABLE sizes (
            size ENUM('small', CONCAT('med','ium'), 'large')
        );
        ```
    - 您也不能将用户变量用作枚举值，以下语句无法生效
        ```
        SET @mysize = 'medium';

        CREATE TABLE sizes (
            size ENUM('small', @mysize, 'large')
        );
        ```
    - 强烈建议不要使用数字作为枚举值，因为它不会在存储保存在适当 `TINYINT` 或 `SMALLINT` 型，很容易混淆，如果你的字符串和基本数值（这可能是不一样的）引用的 `ENUM` 值不正确。如果确实使用数字作为枚举值，请始终将其用引号引起来。如果省略引号，则将该数字视为索引。
    - 定义中的重复值会导致警告，如果启用了严格 SQL 模式，则会导致错误。

## SET

- `SET` 是可以具有零个或多个值的字符串对象，每个值都必须从创建表时指定的允许值列表中选择。
- `SET` 由多个成员组成的列值用用逗号（`,`）分隔的成员指定。`SET` 成员值本身不应包含逗号。
- `SET` 列最多可包含 64 个不同的成员。
- 定义中的重复值会导致警告，如果启用了严格 SQL 模式，则会导致错误。
- 创建表后，表定义中的 `SET` 的成员值会自动删除尾随空格。
- 检索到时，将使用列定义中使用的字母大小写来显示存储在 `SET` 列中的值。请注意，可以为 `SET` 列分配一个字符集和排序规则。对于二进制或区分大小写的排序规则，在为列分配值时考虑字母大小写。
- MySQL以数字方式存储 `SET` 值，存储值的低位对应于第一个成员。如果在数字上下文中检索 `SET` 值，则检索到的值具有与组成列值的集合成员相对应的位集合。例如，您可以像这样的检索 `SET` 值：
    ```
    SELECT set_col+0 FROM tbl_name;
    ```
- 如果将数字存储到 `SET` 列中，则以该数字的二进制表示形式设置的位将确定列值中的已设置成员。对于指定为的列 `SET('a','b','c','d')`，成员具有以下十进制和二进制值。

    | SET Member | Decimal Value | Binary Value |
    | ---------- | ------------- | ------------ |
    | 'a'        | 1             | 0001         |
    | 'b'        | 2             | 0010         |
    | 'c'        | 4             | 0100         |
    | 'd'        | 8             | 1000         |
    如果为该列分配的值 9 为二进制二进制数 1001，那么将选择第一个和第四个 `SET` 值成员 'a' 和 'd'，结果值为 'a，d'
- 对于包含多个 `SET` 元素的值，插入值时元素的排列顺序并不重要。一个给定的元素在值中列出多少次也没有关系。当稍后检索该值时，值中的每个元素将出现一次，并按照表创建时指定的顺序列出元素。
    ```
    mysql> CREATE TABLE myset (col SET('a', 'b', 'c', 'd'));

    mysql> INSERT INTO myset (col) VALUES ('a,d'), ('d,a'), ('a,d,a'), ('a,d,d'), ('d,a,d');
    Query OK, 5 rows affected (0.01 sec)
    Records: 5  Duplicates: 0  Warnings: 0

    mysql> SELECT col FROM myset;
    +------+
    | col  |
    +------+
    | a,d  |
    | a,d  |
    | a,d  |
    | a,d  |
    | a,d  |
    +------+
    5 rows in set (0.04 sec)
    ```
    如果插入一个 `SET` 无效的元素（声明列表外的元素），该元素会被忽略且发出警告
    ```
    mysql> INSERT INTO myset (col) VALUES ('a,d,d,s');
    Query OK, 1 row affected, 1 warning (0.03 sec)

    mysql> SHOW WARNINGS;
    +---------+------+------------------------------------------+
    | Level   | Code | Message                                  |
    +---------+------+------------------------------------------+
    | Warning | 1265 | Data truncated for column 'col' at row 1 |
    +---------+------+------------------------------------------+
    1 row in set (0.04 sec)

    mysql> SELECT col FROM myset;
    +------+
    | col  |
    +------+
    | a,d  |
    | a,d  |
    | a,d  |
    | a,d  |
    | a,d  |
    | a,d  |
    +------+
    6 rows in set (0.01 sec)
    ```
    如果启用了严格 SQL 模式，试图插入无效的 `SET` 值将导致错误
- `SET` 根据数值排序，`NULL` 值先于非 `NULL` 值
- 对 `SET` 列使用聚合函数会将 `SET` 值转换为数值
- 通常使用 `FIND_IN_SET()` 函数搜索 `SET` 值，但也可以使用 `LIKE` 运算符
    ```
    SELECT * FROM tbl_name WHERE FIND_IN_SET('value',set_col)>0;
    SELECT * FROM tbl_name WHERE set_col LIKE '%value%';
    ```
    - 第一个语句找到 set_col 中包含 value 集成员的行。
    - 第二个类似，但不相同它查找集合 set_col 中任何位置包含 value 的的行，即使是作为另一个集合成员的子字符串。
    ```
    SELECT * FROM tbl_name WHERE set_col & 1;
    SELECT * FROM tbl_name WHERE set_col = 'val1,val2';
    ```
    - 第一个找到包含集合第一个成员的行
    - 第二个找到确切值：就是 'val1,val2' 的行
- 要确定所有可能的值一组列，使用 `SHOW COLUMNS FROM tbl_name LIKE set_col` 和解析集定义输出的类型列。

# 空间数据类型

# JSON 数据类型

- MySQL 支持由 RFC 7159 定义的原生 `JSON` 数据类型，它支持对 JSON(JavaScript Object Notation)文档中的数据的有效访问。与在字符串列中存储JSON格式的字符串相比，`JSON` 数据类型提供了这些优势
    - 存储在 `JSON` 列中的 JSON 文档的自动验证。无效文档会产生错误。
    - 优化的存储格式。存储在 `JSON` 列中的 JSON 文档被转换为允许快速读取文档元素的内部格式。当服务器稍后必须读取以这种二进制格式存储的 JSON 值时，不需要从文本表示形式解析该值。二进制格式的结构允许服务器通过键或数组索引直接查找子对象或嵌套值，而无需读取文档中所有值的前后。
- 存储 `JSON` 需要的空间和 `LONGBLOB`, `LONGTEXT` 相同。重要的是要记住，存储在 `JSON` 列中的任何 JSON 文档的大小都限制在允许的最大数据包系统变量的值之内(当服务器在内存中操作 `JSON` 值时，它可以比这个值大，该限制在服务器存储时适用)。
- 可以使用 `JSON_STORAGE_SIZE()` 函数获得存储 JSON 文档所需的空间，注意，对于 `JSON` 列，这个函数返回的存储大小和值是列在可能对其执行任何部分更新之前使用的值
- MySQL 8.0.13 之前，`JSON` 列不能有**非** `NULL` 的默认值。

## 创建 JSON 值

- JSON 数组包含一个由逗号分隔并包含在 `[]` 字符中的值列表
    ```
    ["abc", 10, null, true, false]
    ```
- JSON 对象包含一组键-值对，由逗号分隔，并包含在 `{}` 字符中
    ```
    {"k1": "value", "k2": 10}
    ```
- 如示例所示，JSON 数组和对象可以包含标量值，这些标量值是字符串或数字、JSON `NULL` 值或 JSON 布尔值。JSON 对象中的键必须是字符串。时态(`DATE`, `TIME`, `DATETIME`)标量值也是允许的
    ```
    ["12:18:29.000000", "2015-07-29", "2015-07-29 12:18:29.000000"]
    ```
- JSON 数组元素和 JSON 对象键值中允许嵌套
    ```
    [99, {"id": "HK500", "cost": 75.99}, ["hot", "cold"]]
    {"k1": "value", "k2": [10, 20]}
    ```

# 数据类型存储需求

## 数值类型存储要求

| 数据类型                   | 存储要求                                          |
| -------------------------- | ------------------------------------------------- |
| TINYINT                    | 1 byte                                            |
| SMALLINT                   | 2 bytes                                           |
| MEDIUMINT                  | 3 bytes                                           |
| INT, INTEGER               | 4 bytes                                           |
| BIGINT                     | 8 bytes                                           |
| FLOAT(p)                   | 4 bytes if 0 <= p <= 24, 8 bytes if 25 <= p <= 53 |
| FLOAT                      | 4 bytes                                           |
| DOUBLE [PRECISION], REAL   | 8 bytes                                           |
| DECIMAL(M,D), NUMERIC(M,D) | Varies; see following discussion                  |
| BIT(M)                     | approximately (M+7)/8 bytes                       |
- 对于 `DECIMAL(M,D)`, `NUMERIC(M,D)`
    - 使用二进制格式表示，该格式将 9 位十进制数字打包成 4 个字节
    - 每个值的整数部分和小数部分的存储分别确定
    - 每 9 的倍数位需要 4 个字节，剩下的位数（除以 9 的余数）需要 4 个字节的一部分。下表给出了剩余位数所需的存储空间。

        | 剩余的位数 | 需要使用的字节数 |
        | ---------- | ---------------- |
        | 0          | 0                |
        | 1, 2       | 1                |
        | 3, 4       | 2                |
        | 5, 6       | 3                |
        | 7, 8       | 4                |

## 日期和时间类型存储要求

| 数据类型  | MySQL 5.6.4 之前 | MySQL 5.6.4 之后                     |
| --------- | ---------------- | ------------------------------------ |
| YEAR      | 1 byte           | 1 byte                               |
| DATE      | 3 bytes          | 3 bytes                              |
| TIME      | 3 bytes          | 3 bytes + fractional seconds storage |
| DATETIME  | 8 bytes          | 5 bytes + fractional seconds storage |
| TIMESTAMP | 4 bytes          | 4 bytes + fractional seconds storage |
- 对于 fractional seconds storage

    | 小数位长度 | 存储要求 |
    | ---------- | -------- |
    | 0          | 0 bytes  |
    | 1, 2       | 1 byte   |
    | 3, 4       | 2 bytes  |
    | 5, 6       | 3 bytes  |

## 字符串类型存储要求

在下表中，M 表示以字符表示的非二进制字符串类型的列长度，以字节表示二进制字符串类型的列长度。L 表示给定字符串值的实际长度(以字节为单位)。

| Data Type                   | Storage Required                                                                                                                                                                                                                                                                    |
| --------------------------- | ----------------------------------------------------------------------------------------------------------------------------------------------------------------------------------------------------------------------------------------------------------------------------------- |
| CHAR(M)                     | The compact family of InnoDB row formats optimize storage for variable-length character sets. See COMPACT Row Format Storage Characteristics. Otherwise, M × w bytes, 0 <= M <= 255, where w is the number of bytes required for the maximum-length character in the character set. |
| BINARY(M)                   | M bytes, 0 <= M <= 255                                                                                                                                                                                                                                                              |
| VARCHAR(M), VARBINARY(M)    | L + 1 bytes if column values require 0 − 255 bytes, L + 2 bytes if values may require more than 255 bytes                                                                                                                                                                           |
| TINYBLOB, TINYTEXT          | L + 1 bytes, where L < 28                                                                                                                                                                                                                                                           |
| BLOB, TEXT                  | L + 2 bytes, where L < 216                                                                                                                                                                                                                                                          |
| MEDIUMBLOB, MEDIUMTEXT      | L + 3 bytes, where L < 224                                                                                                                                                                                                                                                          |
| LONGBLOB, LONGTEXT          | L + 4 bytes, where L < 232                                                                                                                                                                                                                                                          |
| ENUM('value1','value2',...) | 1 or 2 bytes, depending on the number of enumeration values (65,535 values maximum)                                                                                                                                                                                                 |
| SET('value1','value2',...)  | 1, 2, 3, 4, or 8 bytes, depending on the number of set members (64 members maximum)                                                                                                                                                                                                 |
